2024-12-21 17:19:14 [INFO] Math 24 init
2024-12-21 17:19:18 [INFO] Loading file: /home/joe/Desktop/Workspace/History/Math24/test.txt
2024-12-21 17:19:18 [ERROR] Error: Please enter 4 numbers separated by space.
2024-12-21 17:19:18 [ERROR] Error: Please enter 4 numbers separated by space.
2024-12-21 17:19:18 [ERROR] stof
2024-12-21 17:19:18 [ERROR] Error: Please enter 4 numbers separated by space.
2024-12-21 17:19:18 [ERROR] Error: Please enter 4 numbers separated by space.
2024-12-21 17:19:18 [ERROR] Error: Please enter 4 numbers separated by space.
2024-12-21 17:19:18 [ERROR] Error: Please enter 4 numbers separated by space.
2024-12-21 17:19:18 [ERROR] Error: Please enter 4 numbers separated by space.
2024-12-21 17:19:18 [ERROR] Error: Please enter 4 numbers separated by space.
2024-12-21 17:19:18 [ERROR] Error: Please enter 4 numbers separated by space.
2024-12-21 17:19:18 [ERROR] Error: Please enter 4 numbers separated by space.
2024-12-21 17:19:18 [ERROR] Error: Please enter 4 numbers separated by space.
2024-12-21 17:19:18 [ERROR] Error: Please enter 4 numbers separated by space.
2024-12-21 17:19:18 [ERROR] stof
2024-12-21 17:19:18 [ERROR] Error: Please enter 4 numbers separated by space.
2024-12-21 17:19:18 [ERROR] Error: Please enter 4 numbers separated by space.
2024-12-21 17:19:18 [ERROR] Error: Please enter 4 numbers separated by space.
2024-12-21 17:19:18 [ERROR] stof
2024-12-21 17:19:18 [ERROR] Error: Please enter 4 numbers separated by space.
2024-12-21 17:19:18 [ERROR] Error: Please enter 4 numbers separated by space.
2024-12-21 17:19:18 [ERROR] Error: Please enter 4 numbers separated by space.
2024-12-21 17:19:18 [ERROR] Error: Please enter 4 numbers separated by space.
2024-12-21 17:19:18 [ERROR] Error: Please enter 4 numbers separated by space.
2024-12-21 17:21:57 [INFO] Math 24 init
2024-12-21 17:22:01 [INFO] Loading file: /home/joe/Desktop/Workspace/History/Math24/test.txt
2024-12-21 17:22:01 [INFO] Solving...
2024-12-21 17:22:01 [INFO] Solved: ((12+13)-(6/6))
2024-12-21 17:22:01 [INFO] Solving...
2024-12-21 17:22:01 [INFO] Solved: No solution.
2024-12-21 17:22:01 [INFO] Solving...
2024-12-21 17:22:01 [INFO] Solved: ((11-7)+(4*5))
2024-12-21 17:22:01 [INFO] Solving...
2024-12-21 17:22:01 [INFO] Solved: No solution.
2024-12-21 17:22:01 [INFO] Solving...
2024-12-21 17:22:01 [INFO] Solved: No solution.
2024-12-21 17:22:01 [INFO] Solving...
2024-12-21 17:22:01 [INFO] Solved: No solution.
2024-12-21 17:22:01 [INFO] Solving...
2024-12-21 17:22:01 [INFO] Solved: No solution.
2024-12-21 17:22:01 [INFO] Solving...
2024-12-21 17:22:01 [INFO] Solved: ((3+11)+(2*5))
2024-12-21 17:22:01 [INFO] Solving...
2024-12-21 17:22:01 [INFO] Solved: ((6+8)*(12/7))
2024-12-21 17:22:01 [INFO] Solving...
2024-12-21 17:22:01 [INFO] Solved: (4+(5+(8+7)))
2024-12-21 17:22:01 [INFO] Solving...
2024-12-21 17:22:01 [INFO] Solved: (6+(2*(8+1)))
2024-12-21 17:22:01 [INFO] Solving...
2024-12-21 17:22:01 [INFO] Solved: (8*(1+(6-4)))
2024-12-21 17:22:01 [INFO] Solving...
2024-12-21 17:22:01 [INFO] Solved: (3*((13+1)-6))
2024-12-21 17:22:01 [INFO] Solving...
2024-12-21 17:22:01 [INFO] Solved: ((2*(11+5))-8)
2024-12-21 17:22:01 [INFO] Solving...
2024-12-21 17:22:01 [INFO] Solved: ((6*5)+(6-12))
2024-12-21 17:22:01 [INFO] Solving...
2024-12-21 17:22:01 [INFO] Solved: No solution.
2024-12-21 17:22:01 [INFO] Solving...
2024-12-21 17:22:01 [INFO] Solved: (12+((4+10)-2))
2024-12-21 17:22:01 [INFO] Solving...
2024-12-21 17:22:01 [INFO] Solved: ((4*3)+(8+4))
2024-12-21 17:22:01 [INFO] Solving...
2024-12-21 17:22:01 [INFO] Solved: ((1-13)*(9-11))
2024-12-21 17:22:01 [INFO] Solving...
2024-12-21 17:22:01 [INFO] Solved: No solution.
2024-12-21 17:30:02 [INFO] Math 24 init
2024-12-21 17:30:05 [INFO] Loading file: /home/joe/Desktop/Workspace/History/Math24/test.txt
2024-12-21 17:30:05 [INFO] Solving...
2024-12-21 17:30:05 [INFO] Solved: ((12+13)-(6/6))
2024-12-21 17:30:05 [INFO] Solving...
2024-12-21 17:30:05 [INFO] Solved: No solution.
2024-12-21 17:30:05 [INFO] Solving...
2024-12-21 17:30:05 [INFO] Solved: ((11-7)+(4*5))
2024-12-21 17:30:05 [INFO] Solving...
2024-12-21 17:30:05 [INFO] Solved: No solution.
2024-12-21 17:30:05 [INFO] Solving...
2024-12-21 17:30:05 [INFO] Solved: No solution.
2024-12-21 17:30:05 [INFO] Solving...
2024-12-21 17:30:05 [INFO] Solved: No solution.
2024-12-21 17:30:05 [INFO] Solving...
2024-12-21 17:30:05 [INFO] Solved: No solution.
2024-12-21 17:30:05 [INFO] Solving...
2024-12-21 17:30:05 [INFO] Solved: ((3+11)+(2*5))
2024-12-21 17:30:05 [INFO] Solving...
2024-12-21 17:30:05 [INFO] Solved: ((6+8)*(12/7))
2024-12-21 17:30:05 [INFO] Solving...
2024-12-21 17:30:05 [INFO] Solved: (4+(5+(8+7)))
2024-12-21 17:30:05 [INFO] Solving...
2024-12-21 17:30:05 [INFO] Solved: (6+(2*(8+1)))
2024-12-21 17:30:05 [INFO] Solving...
2024-12-21 17:30:05 [INFO] Solved: (8*(1+(6-4)))
2024-12-21 17:30:05 [INFO] Solving...
2024-12-21 17:30:05 [INFO] Solved: (3*((13+1)-6))
2024-12-21 17:30:05 [INFO] Solving...
2024-12-21 17:30:05 [INFO] Solved: ((2*(11+5))-8)
2024-12-21 17:30:05 [INFO] Solving...
2024-12-21 17:30:05 [INFO] Solved: ((6*5)+(6-12))
2024-12-21 17:30:05 [INFO] Solving...
2024-12-21 17:30:05 [INFO] Solved: No solution.
2024-12-21 17:30:05 [INFO] Solving...
2024-12-21 17:30:05 [INFO] Solved: (12+((4+10)-2))
2024-12-21 17:30:05 [INFO] Solving...
2024-12-21 17:30:05 [INFO] Solved: ((4*3)+(8+4))
2024-12-21 17:30:05 [INFO] Solving...
2024-12-21 17:30:05 [INFO] Solved: ((1-13)*(9-11))
2024-12-21 17:30:05 [INFO] Solving...
2024-12-21 17:30:05 [INFO] Solved: No solution.
2024-12-21 17:32:57 [INFO] Math 24 init
2024-12-21 17:33:01 [INFO] Loading file: /home/joe/Desktop/Workspace/History/Math24/test.txt
2024-12-21 17:33:01 [INFO] Solving...
2024-12-21 17:33:01 [INFO] Solved: ((12+13)-(6/6))
2024-12-21 17:33:01 [INFO] Solving...
2024-12-21 17:33:01 [INFO] Solved: No solution.
2024-12-21 17:33:01 [INFO] Solving...
2024-12-21 17:33:01 [INFO] Solved: ((11-7)+(4*5))
2024-12-21 17:33:01 [INFO] Solving...
2024-12-21 17:33:01 [INFO] Solved: No solution.
2024-12-21 17:33:01 [INFO] Solving...
2024-12-21 17:33:01 [INFO] Solved: No solution.
2024-12-21 17:33:01 [INFO] Solving...
2024-12-21 17:33:01 [INFO] Solved: No solution.
2024-12-21 17:33:01 [INFO] Solving...
2024-12-21 17:33:01 [INFO] Solved: No solution.
2024-12-21 17:33:01 [INFO] Solving...
2024-12-21 17:33:01 [INFO] Solved: ((3+11)+(2*5))
2024-12-21 17:33:01 [INFO] Solving...
2024-12-21 17:33:01 [INFO] Solved: ((6+8)*(12/7))
2024-12-21 17:33:01 [INFO] Solving...
2024-12-21 17:33:01 [INFO] Solved: (4+(5+(8+7)))
2024-12-21 17:33:01 [INFO] Solving...
2024-12-21 17:33:01 [INFO] Solved: (6+(2*(8+1)))
2024-12-21 17:33:01 [INFO] Solving...
2024-12-21 17:33:01 [INFO] Solved: (8*(1+(6-4)))
2024-12-21 17:33:01 [INFO] Solving...
2024-12-21 17:33:01 [INFO] Solved: (3*((13+1)-6))
2024-12-21 17:33:01 [INFO] Solving...
2024-12-21 17:33:01 [INFO] Solved: ((2*(11+5))-8)
2024-12-21 17:33:01 [INFO] Solving...
2024-12-21 17:33:01 [INFO] Solved: ((6*5)+(6-12))
2024-12-21 17:33:01 [INFO] Solving...
2024-12-21 17:33:01 [INFO] Solved: No solution.
2024-12-21 17:33:01 [INFO] Solving...
2024-12-21 17:33:01 [INFO] Solved: (12+((4+10)-2))
2024-12-21 17:33:01 [INFO] Solving...
2024-12-21 17:33:01 [INFO] Solved: ((4*3)+(8+4))
2024-12-21 17:33:01 [INFO] Solving...
2024-12-21 17:33:01 [INFO] Solved: ((1-13)*(9-11))
2024-12-21 17:33:01 [INFO] Solving...
2024-12-21 17:33:01 [INFO] Solved: No solution.
2024-12-21 17:35:36 [INFO] Math 24 init
