Determining if files OpenGL/glu.h exist failed with the following output:
Change Dir: /home/joe/Desktop/Workspace/Math24/Math24/build/CMakeFiles/CMakeTmp

Run Build Command(s):/usr/bin/gmake -f Makefile cmTC_bee85/fast && /usr/bin/gmake  -f CMakeFiles/cmTC_bee85.dir/build.make CMakeFiles/cmTC_bee85.dir/build
gmake[1]: Entering directory '/home/joe/Desktop/Workspace/Math24/Math24/build/CMakeFiles/CMakeTmp'
Building C object CMakeFiles/cmTC_bee85.dir/HAVE_OPENGL_GLU_H.c.o
/usr/bin/cc    -o CMakeFiles/cmTC_bee85.dir/HAVE_OPENGL_GLU_H.c.o -c /home/joe/Desktop/Workspace/Math24/Math24/build/CMakeFiles/CheckIncludeFiles/HAVE_OPENGL_GLU_H.c
/home/joe/Desktop/Workspace/Math24/Math24/build/CMakeFiles/CheckIncludeFiles/HAVE_OPENGL_GLU_H.c:2:10: fatal error: OpenGL/glu.h: No such file or directory
    2 | #include <OpenGL/glu.h>
      |          ^~~~~~~~~~~~~~
compilation terminated.
gmake[1]: *** [CMakeFiles/cmTC_bee85.dir/build.make:78: CMakeFiles/cmTC_bee85.dir/HAVE_OPENGL_GLU_H.c.o] Error 1
gmake[1]: Leaving directory '/home/joe/Desktop/Workspace/Math24/Math24/build/CMakeFiles/CMakeTmp'
gmake: *** [Makefile:127: cmTC_bee85/fast] Error 2


Source:
/* */
#include <OpenGL/glu.h>


int main(void){return 0;}

Determining if files sys/stdtypes.h exist failed with the following output:
Change Dir: /home/joe/Desktop/Workspace/Math24/Math24/build/CMakeFiles/CMakeTmp

Run Build Command(s):/usr/bin/gmake -f Makefile cmTC_1ca16/fast && /usr/bin/gmake  -f CMakeFiles/cmTC_1ca16.dir/build.make CMakeFiles/cmTC_1ca16.dir/build
gmake[1]: Entering directory '/home/joe/Desktop/Workspace/Math24/Math24/build/CMakeFiles/CMakeTmp'
Building C object CMakeFiles/cmTC_1ca16.dir/HAVE_SYS_STDTYPES_H.c.o
/usr/bin/cc    -o CMakeFiles/cmTC_1ca16.dir/HAVE_SYS_STDTYPES_H.c.o -c /home/joe/Desktop/Workspace/Math24/Math24/build/CMakeFiles/CheckIncludeFiles/HAVE_SYS_STDTYPES_H.c
/home/joe/Desktop/Workspace/Math24/Math24/build/CMakeFiles/CheckIncludeFiles/HAVE_SYS_STDTYPES_H.c:2:10: fatal error: sys/stdtypes.h: No such file or directory
    2 | #include <sys/stdtypes.h>
      |          ^~~~~~~~~~~~~~~~
compilation terminated.
gmake[1]: *** [CMakeFiles/cmTC_1ca16.dir/build.make:78: CMakeFiles/cmTC_1ca16.dir/HAVE_SYS_STDTYPES_H.c.o] Error 1
gmake[1]: Leaving directory '/home/joe/Desktop/Workspace/Math24/Math24/build/CMakeFiles/CMakeTmp'
gmake: *** [Makefile:127: cmTC_1ca16/fast] Error 2


Source:
/* */
#include <sys/stdtypes.h>


int main(void){return 0;}

Determining if the strlcat exist failed with the following output:
Change Dir: /home/joe/Desktop/Workspace/Math24/Math24/build/CMakeFiles/CMakeTmp

Run Build Command(s):/usr/bin/gmake -f Makefile cmTC_58960/fast && /usr/bin/gmake  -f CMakeFiles/cmTC_58960.dir/build.make CMakeFiles/cmTC_58960.dir/build
gmake[1]: Entering directory '/home/joe/Desktop/Workspace/Math24/Math24/build/CMakeFiles/CMakeTmp'
Building C object CMakeFiles/cmTC_58960.dir/CheckSymbolExists.c.o
/usr/bin/cc    -o CMakeFiles/cmTC_58960.dir/CheckSymbolExists.c.o -c /home/joe/Desktop/Workspace/Math24/Math24/build/CMakeFiles/CMakeTmp/CheckSymbolExists.c
/home/joe/Desktop/Workspace/Math24/Math24/build/CMakeFiles/CMakeTmp/CheckSymbolExists.c: In function ‘main’:
/home/joe/Desktop/Workspace/Math24/Math24/build/CMakeFiles/CMakeTmp/CheckSymbolExists.c:8:19: error: ‘strlcat’ undeclared (first use in this function); did you mean ‘strncat’?
    8 |   return ((int*)(&strlcat))[argc];
      |                   ^~~~~~~
      |                   strncat
/home/joe/Desktop/Workspace/Math24/Math24/build/CMakeFiles/CMakeTmp/CheckSymbolExists.c:8:19: note: each undeclared identifier is reported only once for each function it appears in
gmake[1]: *** [CMakeFiles/cmTC_58960.dir/build.make:78: CMakeFiles/cmTC_58960.dir/CheckSymbolExists.c.o] Error 1
gmake[1]: Leaving directory '/home/joe/Desktop/Workspace/Math24/Math24/build/CMakeFiles/CMakeTmp'
gmake: *** [Makefile:127: cmTC_58960/fast] Error 2


File /home/joe/Desktop/Workspace/Math24/Math24/build/CMakeFiles/CMakeTmp/CheckSymbolExists.c:
/* */
#include <string.h>

int main(int argc, char** argv)
{
  (void)argv;
#ifndef strlcat
  return ((int*)(&strlcat))[argc];
#else
  (void)argc;
  return 0;
#endif
}
Determining if the strlcpy exist failed with the following output:
Change Dir: /home/joe/Desktop/Workspace/Math24/Math24/build/CMakeFiles/CMakeTmp

Run Build Command(s):/usr/bin/gmake -f Makefile cmTC_11dba/fast && /usr/bin/gmake  -f CMakeFiles/cmTC_11dba.dir/build.make CMakeFiles/cmTC_11dba.dir/build
gmake[1]: Entering directory '/home/joe/Desktop/Workspace/Math24/Math24/build/CMakeFiles/CMakeTmp'
Building C object CMakeFiles/cmTC_11dba.dir/CheckSymbolExists.c.o
/usr/bin/cc    -o CMakeFiles/cmTC_11dba.dir/CheckSymbolExists.c.o -c /home/joe/Desktop/Workspace/Math24/Math24/build/CMakeFiles/CMakeTmp/CheckSymbolExists.c
/home/joe/Desktop/Workspace/Math24/Math24/build/CMakeFiles/CMakeTmp/CheckSymbolExists.c: In function ‘main’:
/home/joe/Desktop/Workspace/Math24/Math24/build/CMakeFiles/CMakeTmp/CheckSymbolExists.c:8:19: error: ‘strlcpy’ undeclared (first use in this function); did you mean ‘strncpy’?
    8 |   return ((int*)(&strlcpy))[argc];
      |                   ^~~~~~~
      |                   strncpy
/home/joe/Desktop/Workspace/Math24/Math24/build/CMakeFiles/CMakeTmp/CheckSymbolExists.c:8:19: note: each undeclared identifier is reported only once for each function it appears in
gmake[1]: *** [CMakeFiles/cmTC_11dba.dir/build.make:78: CMakeFiles/cmTC_11dba.dir/CheckSymbolExists.c.o] Error 1
gmake[1]: Leaving directory '/home/joe/Desktop/Workspace/Math24/Math24/build/CMakeFiles/CMakeTmp'
gmake: *** [Makefile:127: cmTC_11dba/fast] Error 2


File /home/joe/Desktop/Workspace/Math24/Math24/build/CMakeFiles/CMakeTmp/CheckSymbolExists.c:
/* */
#include <string.h>

int main(int argc, char** argv)
{
  (void)argv;
#ifndef strlcpy
  return ((int*)(&strlcpy))[argc];
#else
  (void)argc;
  return 0;
#endif
}
Determining if files OpenGL/glu.h exist failed with the following output:
Change Dir: /home/joe/Desktop/Workspace/Math24/build/CMakeFiles/CMakeTmp

Run Build Command(s):/usr/bin/gmake -f Makefile cmTC_49763/fast && /usr/bin/gmake  -f CMakeFiles/cmTC_49763.dir/build.make CMakeFiles/cmTC_49763.dir/build
gmake[1]: Entering directory '/home/joe/Desktop/Workspace/Math24/build/CMakeFiles/CMakeTmp'
Building C object CMakeFiles/cmTC_49763.dir/HAVE_OPENGL_GLU_H.c.o
/usr/bin/cc    -o CMakeFiles/cmTC_49763.dir/HAVE_OPENGL_GLU_H.c.o -c /home/joe/Desktop/Workspace/Math24/build/CMakeFiles/CheckIncludeFiles/HAVE_OPENGL_GLU_H.c
/home/joe/Desktop/Workspace/Math24/build/CMakeFiles/CheckIncludeFiles/HAVE_OPENGL_GLU_H.c:2:10: fatal error: OpenGL/glu.h: No such file or directory
    2 | #include <OpenGL/glu.h>
      |          ^~~~~~~~~~~~~~
compilation terminated.
gmake[1]: *** [CMakeFiles/cmTC_49763.dir/build.make:78: CMakeFiles/cmTC_49763.dir/HAVE_OPENGL_GLU_H.c.o] Error 1
gmake[1]: Leaving directory '/home/joe/Desktop/Workspace/Math24/build/CMakeFiles/CMakeTmp'
gmake: *** [Makefile:127: cmTC_49763/fast] Error 2


Source:
/* */
#include <OpenGL/glu.h>


int main(void){return 0;}

Determining if files sys/stdtypes.h exist failed with the following output:
Change Dir: /home/joe/Desktop/Workspace/Math24/build/CMakeFiles/CMakeTmp

Run Build Command(s):/usr/bin/gmake -f Makefile cmTC_f4917/fast && /usr/bin/gmake  -f CMakeFiles/cmTC_f4917.dir/build.make CMakeFiles/cmTC_f4917.dir/build
gmake[1]: Entering directory '/home/joe/Desktop/Workspace/Math24/build/CMakeFiles/CMakeTmp'
Building C object CMakeFiles/cmTC_f4917.dir/HAVE_SYS_STDTYPES_H.c.o
/usr/bin/cc    -o CMakeFiles/cmTC_f4917.dir/HAVE_SYS_STDTYPES_H.c.o -c /home/joe/Desktop/Workspace/Math24/build/CMakeFiles/CheckIncludeFiles/HAVE_SYS_STDTYPES_H.c
/home/joe/Desktop/Workspace/Math24/build/CMakeFiles/CheckIncludeFiles/HAVE_SYS_STDTYPES_H.c:2:10: fatal error: sys/stdtypes.h: No such file or directory
    2 | #include <sys/stdtypes.h>
      |          ^~~~~~~~~~~~~~~~
compilation terminated.
gmake[1]: *** [CMakeFiles/cmTC_f4917.dir/build.make:78: CMakeFiles/cmTC_f4917.dir/HAVE_SYS_STDTYPES_H.c.o] Error 1
gmake[1]: Leaving directory '/home/joe/Desktop/Workspace/Math24/build/CMakeFiles/CMakeTmp'
gmake: *** [Makefile:127: cmTC_f4917/fast] Error 2


Source:
/* */
#include <sys/stdtypes.h>


int main(void){return 0;}

Determining if the strlcat exist failed with the following output:
Change Dir: /home/joe/Desktop/Workspace/Math24/build/CMakeFiles/CMakeTmp

Run Build Command(s):/usr/bin/gmake -f Makefile cmTC_fb6e2/fast && /usr/bin/gmake  -f CMakeFiles/cmTC_fb6e2.dir/build.make CMakeFiles/cmTC_fb6e2.dir/build
gmake[1]: Entering directory '/home/joe/Desktop/Workspace/Math24/build/CMakeFiles/CMakeTmp'
Building C object CMakeFiles/cmTC_fb6e2.dir/CheckSymbolExists.c.o
/usr/bin/cc    -o CMakeFiles/cmTC_fb6e2.dir/CheckSymbolExists.c.o -c /home/joe/Desktop/Workspace/Math24/build/CMakeFiles/CMakeTmp/CheckSymbolExists.c
/home/joe/Desktop/Workspace/Math24/build/CMakeFiles/CMakeTmp/CheckSymbolExists.c: In function ‘main’:
/home/joe/Desktop/Workspace/Math24/build/CMakeFiles/CMakeTmp/CheckSymbolExists.c:8:19: error: ‘strlcat’ undeclared (first use in this function); did you mean ‘strncat’?
    8 |   return ((int*)(&strlcat))[argc];
      |                   ^~~~~~~
      |                   strncat
/home/joe/Desktop/Workspace/Math24/build/CMakeFiles/CMakeTmp/CheckSymbolExists.c:8:19: note: each undeclared identifier is reported only once for each function it appears in
gmake[1]: *** [CMakeFiles/cmTC_fb6e2.dir/build.make:78: CMakeFiles/cmTC_fb6e2.dir/CheckSymbolExists.c.o] Error 1
gmake[1]: Leaving directory '/home/joe/Desktop/Workspace/Math24/build/CMakeFiles/CMakeTmp'
gmake: *** [Makefile:127: cmTC_fb6e2/fast] Error 2


File /home/joe/Desktop/Workspace/Math24/build/CMakeFiles/CMakeTmp/CheckSymbolExists.c:
/* */
#include <string.h>

int main(int argc, char** argv)
{
  (void)argv;
#ifndef strlcat
  return ((int*)(&strlcat))[argc];
#else
  (void)argc;
  return 0;
#endif
}
Determining if the strlcpy exist failed with the following output:
Change Dir: /home/joe/Desktop/Workspace/Math24/build/CMakeFiles/CMakeTmp

Run Build Command(s):/usr/bin/gmake -f Makefile cmTC_825b6/fast && /usr/bin/gmake  -f CMakeFiles/cmTC_825b6.dir/build.make CMakeFiles/cmTC_825b6.dir/build
gmake[1]: Entering directory '/home/joe/Desktop/Workspace/Math24/build/CMakeFiles/CMakeTmp'
Building C object CMakeFiles/cmTC_825b6.dir/CheckSymbolExists.c.o
/usr/bin/cc    -o CMakeFiles/cmTC_825b6.dir/CheckSymbolExists.c.o -c /home/joe/Desktop/Workspace/Math24/build/CMakeFiles/CMakeTmp/CheckSymbolExists.c
/home/joe/Desktop/Workspace/Math24/build/CMakeFiles/CMakeTmp/CheckSymbolExists.c: In function ‘main’:
/home/joe/Desktop/Workspace/Math24/build/CMakeFiles/CMakeTmp/CheckSymbolExists.c:8:19: error: ‘strlcpy’ undeclared (first use in this function); did you mean ‘strncpy’?
    8 |   return ((int*)(&strlcpy))[argc];
      |                   ^~~~~~~
      |                   strncpy
/home/joe/Desktop/Workspace/Math24/build/CMakeFiles/CMakeTmp/CheckSymbolExists.c:8:19: note: each undeclared identifier is reported only once for each function it appears in
gmake[1]: *** [CMakeFiles/cmTC_825b6.dir/build.make:78: CMakeFiles/cmTC_825b6.dir/CheckSymbolExists.c.o] Error 1
gmake[1]: Leaving directory '/home/joe/Desktop/Workspace/Math24/build/CMakeFiles/CMakeTmp'
gmake: *** [Makefile:127: cmTC_825b6/fast] Error 2


File /home/joe/Desktop/Workspace/Math24/build/CMakeFiles/CMakeTmp/CheckSymbolExists.c:
/* */
#include <string.h>

int main(int argc, char** argv)
{
  (void)argv;
#ifndef strlcpy
  return ((int*)(&strlcpy))[argc];
#else
  (void)argc;
  return 0;
#endif
}
